COMMENT
L_PAREN
R_PAREN
L_BRACKET
R_BRACKET
L_BRACE
R_BRACE
