COMMENT
ID
ID
ID
ID
COMMENT
INT_LITERAL
ID
Illegal symbol, '_'
ID
L_BRACE
ID
