COMMENT
CLASS
ID
IF
L_PAREN
ID
R_PAREN
INT
ID
SEMI_COLON
FLOAT
ID
SEMI_COLON
EXTERN
RETURN
ID
SEMI_COLON
COMMENT
ID
ID
IF
L_PAREN
ID
R_PAREN
ID
SEMI_COLON
ID
SEMI_COLON
