COMMENT
INT_LITERAL
INT_LITERAL
INT_LITERAL
COMMENT
ID
COMMENT
COMMENT
FLOAT_LITERAL
FLOAT_LITERAL
COMMENT
DOT
INT_LITERAL
INT_LITERAL
DOT
DOT
DOT
COMMENT
TRUE
FALSE
COMMENT
ID
ID